[www.msit.in/index.html]
[backblue.gif]
[fade.gif]
[index.html]
[www.msit.in/index.html]
[www.msit.in/assets/application-0a031aa02c629a327e0415d9c80da8e0.js]
[www.msit.in/favicon.ico]
[www.msit.in/assets/application-75b0694bb3042f64a5dcae14bd2fd336.css]
[www.msit.in/jquery.als-1.7.min.js]
[www.msit.in/ckeditor_assets/attachments/216/scan0025.pdf]
[www.msit.in/ckeditor_assets/attachments/233/naac.pdf]
[www.msit.in/pages/28.html]
[www.msit.in/ckeditor_assets/attachments/236/nirf_ranking_data_2017.pdf]
[www.msit.in/msit.png]
[www.msit.in/pages/27.html]
[maxcdn.bootstrapcdn.com/bootstrap/3.3.6/js/bootstrap.min.js]
[maxcdn.bootstrapcdn.com/bootstrap/3.3.6/css/bootstrap.min.css]
[maxcdn.bootstrapcdn.com/bootstrap/3.3.6/css/bootstrap-theme.min.css]
[www.msit.in/pages/26.html]
[www.msit.in/pages/19.html]
[www.msit.in/img/a12.png]
[www.msit.in/img/b05.png]
[www.google-analytics.com/analytics.js]
[www.msit.in/pages/20.html]
[www.msit.in/pages/21.html]
[www.msit.in/pages/1.html]
[www.msit.in/pages/4.html]
[www.msit.in/pages/28.html]
[www.msit.in/pages/2.html]
[www.msit.in/pages/3.html]
[www.msit.in/pages/27.html]
[www.msit.in/pages/8.html]
[www.msit.in/pages/5.html]
[www.msit.in/pages/7.html]
[www.msit.in/pages/26.html]
[www.msit.in/pages/39.html]
[www.msit.in/pages/10.html]
[www.msit.in/pages/9.html]
[www.msit.in/pages/13.html]
[www.msit.in/pages/19.html]
[www.msit.in/pages/12.html]
[www.msit.in/pages/36.html]
[www.msit.in/pages/25.html]
[www.msit.in/pages/20.html]
[www.msit.in/pages/31.html]
[www.msit.in/pages/6.html]
[www.msit.in/pages/40.html]
[www.msit.in/pages/21.html]
[www.msit.in/ckeditor_assets/pictures/144/content_msgi_collage.jpg]
[www.msit.in/pages/32.html]
[www.msit.in/pages/1.html]
[www.msit.in/ckeditor_assets/pictures/78/content_04.jpg]
[www.msit.in/pages/2.html]
[www.msit.in/pages/30.html]
[www.msit.in/ckeditor_assets/pictures/79/content_12510424_1043853775636960_6820829388253497897_n.jpg]
[www.msit.in/ckeditor_assets/pictures/82/content_004.jpg]
[www.msit.in/pages/3.html]
[www.msit.in/ckeditor_assets/pictures/80/content_02.jpg]
[www.msit.in/ckeditor_assets/pictures/68/content_4.jpg]
[www.msit.in/ckeditor_assets/pictures/65/content_1.jpg]
[www.msit.in/pages/4.html]
[www.msit.in/ckeditor_assets/pictures/66/content_2.jpg]
[www.msit.in/pages/5.html]
[www.msit.in/ckeditor_assets/pictures/69/content_5.jpg]
[www.msit.in/ckeditor_assets/pictures/70/content_6.jpg]
[www.msit.in/pages/39.html]
[www.msit.in/ckeditor_assets/pictures/72/content_8.jpg]
[www.msit.in/ckeditor_assets/pictures/71/content_7.jpg]
[www.msit.in/ckeditor_assets/pictures/73/content_9.jpg]
[www.msit.in/pages/6.html]
[www.msit.in/ckeditor_assets/pictures/74/content_10.jpg]
[www.msit.in/ckeditor_assets/pictures/75/content_11.jpg]
[www.msit.in/pages/8.html]
[www.msit.in/ckeditor_assets/pictures/67/content_3.jpg]
[www.msit.in/ckeditor_assets/pictures/76/content_12.jpg]
[www.msit.in/pages/7.html]
[www.msit.in/ckeditor_assets/pictures/140/content_new.gif]
[www.msit.in/ckeditor_assets/attachments/232/new_doc_2.jpg]
[www.msit.in/pages/9.html]
[www.msit.in/ckeditor_assets/attachments/95/list_of_holidays_2016.pdf]
[www.msit.in/ckeditor_assets/attachments/234/scholorship.pdf]
[www.msit.in/ckeditor_assets/attachments/235/degree_collection_notice.pdf]
[www.msit.in/team/adeel.jpg]
[www.msit.in/pages/10.html]
[www.msit.in/team/naresh.jpg]
[www.msit.in/team/mayank.jpg]
[www.msit.in/pages/13.html]
[www.msit.in/team/prabal.jpg]
[www.msit.in/ckeditor_assets/pictures/83/content_topper.jpg]
[www.msit.in/pages/12.html]
[www.msit.in/ckeditor_assets/attachments/227/seminar_report_digitalmarketing.pdf]
[netdna.bootstrapcdn.com/bootstrap/3.0.0-rc2/js/bootstrap.min.js]
[www.msit.in/pages/36.html]
[www.msit.in/ckeditor_assets/attachments/203/naggaro_report_11-08-2016.pdf]
[www.msit.in/ckeditor_assets/attachments/187/reportoforientationaug_22016_doc.pdf]
[www.msit.in/pages/25.html]
[www.msit.in/ckeditor_assets/attachments/185/a_workshop_on_plc_scada_was_organized_by_eee_department_in_association_with_cetpa_pvt_ltd_on_17th_march_2016.pdf]
[www.msit.in/pages/30.html]
[www.msit.in/ckeditor_assets/attachments/150/seminarreport_12-03-16.pdf]
[www.msit.in/pages/31.html]
[www.msit.in/ckeditor_assets/attachments/184/one_day_workshop_on_embedded_systems_was_organized_on_11th_mar_2016_for_6thsemester_eee_students_by_department_of_electrical_and_electronics.pdf]
[www.msit.in/pages/32.html]
[www.msit.in/ckeditor_assets/attachments/99/art_of_living.pdf]
[www.msit.in/ckeditor_assets/attachments/149/fdpreportappliedsc_27feb2016.pdf]
[www.msit.in/pages/40.html]
[www.msit.in/pages/favicon.html]
[www.msit.in/ckeditor_assets/attachments/104/fdp.pdf]
[www.msit.in/ckeditor_assets/attachments/43/sportsmeet.pdf]
[www.msit.in/ckeditor_assets/attachments/183/one_day_visit_to_22033_kv_gis_peeragarhi_was_organized_by_department_of_electrical_and.pdf]
[www.msit.in/ckeditor_assets/attachments/44/avensis_report.pdf]
[www.msit.in/ckeditor_assets/attachments/45/genesis_2k16.pdf]
[www.msit.in/ckeditor_assets/attachments/111/annualreport_docx_1.pdf]
[www.msit.in/ckeditor_assets/attachments/46/swami_vivekananda.pdf]
[www.msit.in/ckeditor_assets/attachments/47/report_of_seminar.pdf]
[www.msit.in/ckeditor_assets/attachments/102/report_docx.pdf]
[www.msit.in/ckeditor_assets/attachments/186/department_of_electrical_electronics_engineering_organized_an_industrial_visit_to220kv_grid_substation_pappankalan-i_dwarka_on_13th_sept_2015_for_eee_5th_semester_studen]
[www.msit.in/ckeditor_assets/attachments/188/updated_pplacements_2016_sheet_xls_-_sheet1.pdf]
[www.msit.in/ckeditor_assets/pictures/96/content_new_photograph.jpg]
[www.msit.in/ckeditor_assets/pictures/89/content_director.jpg]
[www.msit.in/ckeditor_assets/pictures/88/content_poonam_bansal.jpg]
[www.msit.in/ckeditor_assets/pictures/81/content_9.jpg]
[www.msit.in/ckeditor_assets/pictures/90/content_surajmal.png]
[www.msit.in/ckeditor_assets/pictures/122/content_ada_ailab.png]
[www.msit.in/ckeditor_assets/pictures/123/content_se_oopslab.png]
[www.msit.in/ckeditor_assets/pictures/124/content_ds_weblab.png]
[www.msit.in/ckeditor_assets/pictures/125/content_foc_coalab.png]
[www.msit.in/ckeditor_assets/pictures/126/content_mpmc.png]
[www.msit.in/ckeditor_assets/pictures/127/content_edc.png]
[www.msit.in/ckeditor_assets/pictures/128/content_consumer_elec.png]
[www.msit.in/ckeditor_assets/pictures/129/content_projlab.png]
[www.msit.in/ckeditor_assets/pictures/130/content_analog.png]
[www.msit.in/ckeditor_assets/pictures/131/content_microwave.png]
[www.msit.in/ckeditor_assets/pictures/132/content_vlsi.png]
[www.msit.in/ckeditor_assets/pictures/133/content_communication.png]
[www.msit.in/ckeditor_assets/pictures/134/content_dsp.png]
[www.msit.in/ckeditor_assets/pictures/135/content_controlengg.png]
[www.msit.in/ckeditor_assets/pictures/136/content_oslab.png]
[www.msit.in/ckeditor_assets/pictures/137/content_welab.png]
[www.msit.in/ckeditor_assets/pictures/138/content_adalab.png]
[www.msit.in/ckeditor_assets/pictures/211/content_screen_shot_2016-09-08_at_2_37_07_am.jpg]
[www.msit.in/ckeditor_assets/pictures/212/content_screen_shot_2016-09-08_at_2_36_51_am_copy.png]
[www.msit.in/ckeditor_assets/pictures/189/content_1.png]
[www.msit.in/ckeditor_assets/pictures/190/content_2.png]
[www.msit.in/ckeditor_assets/pictures/191/content_3.png]
[www.msit.in/ckeditor_assets/pictures/192/content_4.png]
[www.msit.in/ckeditor_assets/pictures/193/content_5.png]
[www.msit.in/ckeditor_assets/pictures/194/content_6.png]
[www.msit.in/ckeditor_assets/pictures/195/content_7.png]
[www.msit.in/ckeditor_assets/pictures/196/content_8.png]
[www.msit.in/ckeditor_assets/pictures/147/content_msit.png]
[www.msit.in/ckeditor_assets/pictures/146/content_msit1.png]
[www.msit.in/ckeditor_assets/pictures/100/content_spsingh.jpg]
[www.msit.in/ckeditor_assets/pictures/145/content_photo_of_kaptan_singh.jpg]
[www.msit.in/ckeditor_assets/pictures/152/content_jsdalal.jpg]
[www.msit.in/ckeditor_assets/pictures/151/content_screenshot_from_2016-05-29_09_54_58.png]
[www.msit.in/ckeditor_assets/pictures/97/content_sandeepjaglan.jpg]
[www.msit.in/ckeditor_assets/pictures/121/content_sitender.jpg]
[www.msit.in/ckeditor_assets/pictures/148/content_y_arya.jpg]
[www.msit.in/ckeditor_assets/attachments/171/app_sci_class_wise_time_table_aug_dec_2016_1.pdf]
[www.msit.in/ckeditor_assets/attachments/206/cse_m_classwise_tt_aug-dec_2016_cse_m_wef_29aug.pdf]
[www.msit.in/ckeditor_assets/attachments/178/it_m_time_table_website.pdf]
[www.msit.in/ckeditor_assets/attachments/197/ece_time_table_website-1.pdf]
[www.msit.in/ckeditor_assets/attachments/179/eee_class_time_table_aug_dec2016.pdf]
[www.msit.in/ckeditor_assets/attachments/176/applied_e_tt_aug16.pdf]
[www.msit.in/ckeditor_assets/attachments/205/cse_e_tt_aug_2016.pdf]
[www.msit.in/ckeditor_assets/attachments/175/it_e_tt_aug16.pdf]
[www.msit.in/ckeditor_assets/attachments/177/ece_e_tt_aug_2016.pdf]
[www.msit.in/ckeditor_assets/attachments/225/as_attendance_sept.pdf]
[www.msit.in/ckeditor_assets/attachments/224/cse_m_sept_att.pdf]
[www.msit.in/ckeditor_assets/attachments/217/it-_m_atte.pdf]
[www.msit.in/ckeditor_assets/attachments/223/ece_m_sept_2016.pdf]
[www.msit.in/ckeditor_assets/attachments/220/shortapplied2.pdf]
[www.msit.in/ckeditor_assets/attachments/91/cse_syllabus.pdf]
[www.msit.in/ckeditor_assets/attachments/92/it_syllabus.pdf]
[www.msit.in/ckeditor_assets/attachments/93/ece_syllabus.pdf]
[www.msit.in/ckeditor_assets/attachments/94/eee_syllabus.pdf]
[www.msit.in/ckeditor_assets/pictures/101/content_hs5.jpg]
[media.licdn.com/mpr/mpr/shrinknp_200_200/p/8/005/048/3b1/239d69b.jpg]
[www.msit.in/ckeditor_assets/attachments/118/eee_4_6_8march_website.html]
[www.msit.in/ckeditor_assets/attachments/222/cse2aug31.html]
[www.msit.in/ckeditor_assets/attachments/117/it_2s.html]
[www.msit.in/ckeditor_assets/attachments/116/ece_2s.html]
